Propagation Delay report for comparacao
Thu Feb 18 09:39:03 2021
Quartus II 32-bit Version 13.0.1 Build 232 06/12/2013 Service Pack 1 SJ Web Edition


---------------------
; Table of Contents ;
---------------------
  1. Legal Notice
  2. Propagation Delay



----------------
; Legal Notice ;
----------------
Copyright (C) 1991-2013 Altera Corporation
Your use of Altera Corporation's design tools, logic functions 
and other software and tools, and its AMPP partner logic 
functions, and any output files from any of the foregoing 
(including device programming or simulation files), and any 
associated documentation or information are expressly subject 
to the terms and conditions of the Altera Program License 
Subscription Agreement, Altera MegaCore Function License 
Agreement, or other applicable license agreement, including, 
without limitation, that your use is for the sole purpose of 
programming logic devices manufactured by Altera and sold by 
Altera or its authorized distributors.  Please refer to the 
applicable agreement for further details.



+----------------------------------------------------------+
; Propagation Delay                                        ;
+------------+-------------+-------+-------+-------+-------+
; Input Port ; Output Port ; RR    ; RF    ; FR    ; FF    ;
+------------+-------------+-------+-------+-------+-------+
; a[0]       ; aigualb     ; 5.953 ; 5.875 ; 6.136 ; 6.049 ;
; a[0]       ; amaiorb     ; 5.919 ;       ;       ; 5.781 ;
; a[0]       ; amenorb     ;       ; 5.659 ; 6.158 ;       ;
; a[1]       ; aigualb     ; 6.227 ; 6.183 ; 6.412 ; 6.363 ;
; a[1]       ; amaiorb     ; 5.790 ;       ;       ; 5.888 ;
; a[1]       ; amenorb     ;       ; 5.711 ; 5.981 ;       ;
; a[2]       ; aigualb     ; 9.563 ; 9.560 ; 9.999 ; 9.940 ;
; a[2]       ; amaiorb     ; 8.489 ;       ;       ; 8.615 ;
; a[2]       ; amenorb     ;       ; 8.230 ; 8.994 ;       ;
; a[3]       ; aigualb     ; 9.378 ; 9.340 ; 9.868 ; 9.821 ;
; a[3]       ; amaiorb     ; 8.852 ;       ;       ; 9.281 ;
; a[3]       ; amenorb     ;       ; 8.775 ; 9.385 ;       ;
; a[4]       ; aigualb     ; 8.954 ; 8.887 ; 9.381 ; 9.305 ;
; a[4]       ; amaiorb     ; 8.227 ;       ;       ; 8.363 ;
; a[4]       ; amenorb     ;       ; 7.968 ; 8.733 ;       ;
; a[5]       ; aigualb     ; 9.112 ; 9.081 ; 9.537 ; 9.448 ;
; a[5]       ; amaiorb     ; 8.171 ;       ;       ; 8.520 ;
; a[5]       ; amenorb     ;       ; 8.093 ; 8.614 ;       ;
; a[6]       ; aigualb     ; 8.775 ; 8.743 ; 9.176 ; 9.177 ;
; a[6]       ; amaiorb     ; 8.042 ;       ;       ; 8.161 ;
; a[6]       ; amenorb     ;       ; 7.784 ; 8.541 ;       ;
; a[7]       ; aigualb     ; 8.693 ; 8.698 ; 9.130 ; 9.130 ;
; a[7]       ; amaiorb     ; 7.329 ;       ;       ; 7.659 ;
; a[7]       ; amenorb     ;       ; 7.257 ; 7.804 ;       ;
; b[0]       ; aigualb     ; 9.125 ; 9.044 ; 9.553 ; 9.505 ;
; b[0]       ; amaiorb     ;       ; 8.500 ; 9.295 ;       ;
; b[0]       ; amenorb     ; 8.830 ;       ;       ; 8.994 ;
; b[1]       ; aigualb     ; 8.455 ; 8.414 ; 8.900 ; 8.849 ;
; b[1]       ; amaiorb     ;       ; 7.925 ; 8.467 ;       ;
; b[1]       ; amenorb     ; 8.074 ;       ;       ; 8.437 ;
; b[2]       ; aigualb     ; 9.231 ; 9.191 ; 9.635 ; 9.627 ;
; b[2]       ; amaiorb     ;       ; 8.186 ; 8.935 ;       ;
; b[2]       ; amenorb     ; 8.509 ;       ;       ; 8.628 ;
; b[3]       ; aigualb     ; 9.318 ; 9.359 ; 9.810 ; 9.722 ;
; b[3]       ; amaiorb     ;       ; 8.211 ; 8.738 ;       ;
; b[3]       ; amenorb     ; 8.357 ;       ;       ; 8.711 ;
; b[4]       ; aigualb     ; 9.365 ; 9.373 ; 9.946 ; 9.840 ;
; b[4]       ; amaiorb     ;       ; 8.282 ; 9.136 ;       ;
; b[4]       ; amenorb     ; 8.607 ;       ;       ; 8.823 ;
; b[5]       ; aigualb     ; 9.219 ; 9.150 ; 9.586 ; 9.549 ;
; b[5]       ; amaiorb     ;       ; 8.083 ; 8.597 ;       ;
; b[5]       ; amenorb     ; 8.231 ;       ;       ; 8.565 ;
; b[6]       ; aigualb     ; 8.593 ; 8.564 ; 9.007 ; 8.969 ;
; b[6]       ; amaiorb     ;       ; 7.731 ; 8.469 ;       ;
; b[6]       ; amenorb     ; 8.057 ;       ;       ; 8.165 ;
; b[7]       ; aigualb     ; 9.288 ; 9.296 ; 9.801 ; 9.799 ;
; b[7]       ; amaiorb     ;       ; 7.784 ; 8.430 ;       ;
; b[7]       ; amenorb     ; 7.951 ;       ;       ; 8.325 ;
+------------+-------------+-------+-------+-------+-------+


